[11:08:17] [main/INFO] (FabricLoader/GameProvider) Loading Minecraft 1.21.1 with Fabric Loader 0.17.2
[11:08:18] [main/INFO] (FabricLoader) Loading 87 mods:
	- auroraslanterns 1.1.6+1.21.1
	   \-- yumi_mc_core 1.0.0-alpha.9+1.21.1
	        |-- yumi_commons_collections 1.0.0-beta.3
	        |-- yumi_commons_core 1.0.0-beta.3
	        \-- yumi_commons_event 1.0.0-beta.3
	- emi 1.1.22+1.21.1+fabric
	- fabric-api 0.116.6+1.21.1
	- fabric-api-base 0.4.42+6573ed8c19
	- fabric-api-lookup-api-v1 1.6.71+b559734419
	- fabric-biome-api-v1 13.0.31+d527f9fd19
	- fabric-block-api-v1 1.1.0+0bc3503219
	- fabric-block-view-api-v2 1.0.11+ebb2264e19
	- fabric-blockrenderlayer-v1 1.1.52+0af3f5a719
	- fabric-client-tags-api-v1 1.1.15+6573ed8c19
	- fabric-command-api-v1 1.2.49+f71b366f19
	- fabric-command-api-v2 2.2.28+6ced4dd919
	- fabric-commands-v0 0.2.66+df3654b319
	- fabric-content-registries-v0 8.0.19+b559734419
	- fabric-convention-tags-v1 2.1.5+7f945d5b19
	- fabric-convention-tags-v2 2.11.1+a406e79519
	- fabric-crash-report-info-v1 0.2.29+0af3f5a719
	- fabric-data-attachment-api-v1 1.4.5+6116a37819
	- fabric-data-generation-api-v1 20.2.33+37516cd619
	- fabric-dimensions-v1 4.0.1+65213ef819
	- fabric-entity-events-v1 1.8.0+2b27e0a419
	- fabric-events-interaction-v0 0.7.13+ba9dae0619
	- fabric-game-rule-api-v1 1.0.53+6ced4dd919
	- fabric-gametest-api-v1 2.0.5+6fc22b9919
	- fabric-item-api-v1 11.2.0+3b3cb2e819
	- fabric-item-group-api-v1 4.1.7+def88e3a19
	- fabric-key-binding-api-v1 1.0.47+0af3f5a719
	- fabric-keybindings-v0 0.2.45+df3654b319
	- fabric-lifecycle-events-v1 2.6.0+0865547519
	- fabric-loot-api-v2 3.0.15+3f89f5a519
	- fabric-loot-api-v3 1.0.3+3f89f5a519
	- fabric-message-api-v1 6.0.14+8aaf3aca19
	- fabric-model-loading-api-v1 2.1.0+b4d813fc19
	- fabric-networking-api-v1 4.3.0+c7469b2119
	- fabric-object-builder-api-v1 15.2.1+40875a9319
	- fabric-particles-v1 4.0.2+6573ed8c19
	- fabric-recipe-api-v1 5.0.14+248df81c19
	- fabric-registry-sync-v0 5.3.1+e3eddc2119
	- fabric-renderer-api-v1 3.4.1+b4d813fc19
	- fabric-renderer-indigo 1.7.1+c705a49c19
	- fabric-renderer-registries-v1 3.2.69+df3654b319
	- fabric-rendering-data-attachment-v1 0.3.49+73761d2e19
	- fabric-rendering-fluids-v1 3.1.6+1daea21519
	- fabric-rendering-v0 1.1.72+df3654b319
	- fabric-rendering-v1 5.1.0+ab4c25a019
	- fabric-resource-conditions-api-v1 4.3.0+8dc279b119
	- fabric-resource-loader-v0 1.3.1+5b5275af19
	- fabric-screen-api-v1 2.0.25+8b68f1c719
	- fabric-screen-handler-api-v1 1.3.90+b559734419
	- fabric-sound-api-v1 1.0.23+6573ed8c19
	- fabric-transfer-api-v1 5.4.3+c24bd99419
	- fabric-transitive-access-wideners-v1 6.2.0+45b9699719
	- fabricloader 0.17.2
	- farmersdelight 1.21.1-2.4.0+refabricated
	   |-- mm 2.3
	   |-- porting_lib_base 3.1.0-beta.47.hotfix.2+1.21.1
	   |    |-- com_electronwill_night-config_core 3.8.0
	   |    |-- com_electronwill_night-config_toml 3.8.0
	   |    |-- mm 2.3
	   |    |-- porting_lib_accessors 3.1.0-beta.47.hotfix.2+1.21.1
	   |    |-- porting_lib_asm 3.1.0-beta.47.hotfix.2+1.21.1
	   |    |-- porting_lib_attributes 3.1.0-beta.47.hotfix.2+1.21.1
	   |    |-- porting_lib_blocks 3.1.0-beta.47.hotfix.2+1.21.1
	   |    |-- porting_lib_common 3.1.0-beta.47.hotfix.2+1.21.1
	   |    |-- porting_lib_core 3.1.0-beta.47.hotfix.2+1.21.1
	   |    |-- porting_lib_entity 3.1.0-beta.47.hotfix.2+1.21.1
	   |    |-- porting_lib_extensions 3.1.0-beta.47.hotfix.2+1.21.1
	   |    |-- porting_lib_fluids 3.1.0-beta.47.hotfix.2+1.21.1
	   |    |-- porting_lib_gametest 3.1.0-beta.47.hotfix.2+1.21.1
	   |    |-- porting_lib_gui_utils 3.1.0-beta.47.hotfix.2+1.21.1
	   |    |-- porting_lib_level_events 3.1.0-beta.47.hotfix.2+1.21.1
	   |    |-- porting_lib_mixin_extensions 3.1.0-beta.47.hotfix.2+1.21.1
	   |    |-- porting_lib_tags 3.0
	   |    \-- porting_lib_transfer 3.1.0-beta.47.hotfix.2+1.21.1
	   |-- porting_lib_config 3.1.0-beta.47.hotfix.2+1.21.1
	   |    |-- com_electronwill_night-config_core 3.8.0
	   |    |-- com_electronwill_night-config_toml 3.8.0
	   |    |-- porting_lib_core 3.1.0-beta.47.hotfix.2+1.21.1
	   |    \-- porting_lib_gametest 3.1.0-beta.47.hotfix.2+1.21.1
	   |-- porting_lib_item_abilities 3.1.0-beta.47.hotfix.2+1.21.1
	   |    |-- porting_lib_blocks 3.1.0-beta.47.hotfix.2+1.21.1
	   |    |-- porting_lib_core 3.1.0-beta.47.hotfix.2+1.21.1
	   |    |-- porting_lib_gametest 3.1.0-beta.47.hotfix.2+1.21.1
	   |    \-- porting_lib_level_events 3.1.0-beta.47.hotfix.2+1.21.1
	   |-- porting_lib_lazy_registration 3.1.0-beta.47.hotfix.2+1.21.1
	   |    |-- porting_lib_core 3.1.0-beta.47.hotfix.2+1.21.1
	   |    \-- porting_lib_gametest 3.1.0-beta.47.hotfix.2+1.21.1
	   |-- porting_lib_loot 3.1.0-beta.47.hotfix.2+1.21.1
	   |    |-- porting_lib_conditions 3.1.0-beta.47.hotfix.2+1.21.1
	   |    |-- porting_lib_core 3.1.0-beta.47.hotfix.2+1.21.1
	   |    \-- porting_lib_gametest 3.1.0-beta.47.hotfix.2+1.21.1
	   \-- porting_lib_recipe_book_categories 3.1.0-beta.47.hotfix.2+1.21.1
	        |-- porting_lib_core 3.1.0-beta.47.hotfix.2+1.21.1
	        \-- porting_lib_gametest 3.1.0-beta.47.hotfix.2+1.21.1
	- java 21
	- minecraft 1.21.1
	- mixinextras 0.5.0
	- vegan_mod 0.5.0
[11:08:26] [pool-2-thread-1/WARN] (FabricLoader/ModRemap) Cannot remap ATTRIBUTES because it does not exists in any of the targets [] or their parents.
[11:08:26] [pool-2-thread-1/WARN] (FabricLoader/ModRemap) Cannot remap COMMAND_ARGUMENT_TYPES because it does not exists in any of the targets [] or their parents.
[11:08:26] [pool-2-thread-1/WARN] (FabricLoader/ModRemap) Cannot remap ENTITY_PREDICATE_CODECS because it does not exists in any of the targets [] or their parents.
[11:08:26] [pool-2-thread-1/WARN] (FabricLoader/ModRemap) Cannot remap ITEM_SUB_PREDICATES because it does not exists in any of the targets [] or their parents.
[11:08:32] [main/INFO] (FabricLoader/Mixin) SpongePowered MIXIN Subsystem Version=0.8.7 Source=file:/home/ivan/.gradle/caches/modules-2/files-2.1/net.fabricmc/sponge-mixin/0.16.3+mixin.0.8.7/3e535042688d1265447e52ad86950b7d9678a5fa/sponge-mixin-0.16.3+mixin.0.8.7.jar Service=Knot/Fabric Env=CLIENT
[11:08:32] [main/INFO] (FabricLoader/Mixin) Loaded Fabric development mappings for mixin remapper!
[11:08:33] [main/INFO] (FabricLoader/Mixin) Compatibility level set to JAVA_17
[11:08:33] [main/INFO] (FabricLoader/Mixin) Compatibility level set to JAVA_21
[11:08:34] [main/WARN] (FabricLoader/Mixin) Error loading class: io/vram/frex/base/renderer/context/render/EntityBlockRenderContext (java.lang.ClassNotFoundException: io/vram/frex/base/renderer/context/render/EntityBlockRenderContext)
[11:08:34] [main/WARN] (FabricLoader/Mixin) @Mixin target io.vram.frex.base.renderer.context.render.EntityBlockRenderContext was not found porting_lib_base.mixins.json:client.frex.EntityBlockRenderContextMixin from mod porting_lib_base
[11:08:35] [main/WARN] (FabricLoader/Mixin) Error loading class: mezz/jei/library/load/PluginCaller (java.lang.ClassNotFoundException: mezz/jei/library/load/PluginCaller)
[11:08:36] [main/INFO] (FabricLoader/MixinExtras|Service) Initializing MixinExtras via com.llamalad7.mixinextras.service.MixinExtrasServiceImpl(version=0.5.0).
[11:08:41] [Datafixer Bootstrap/INFO] (Minecraft) 226 Datafixer optimizations took 1467 milliseconds
[11:08:59] [Render thread/INFO] (Minecraft) Environment: Environment[sessionHost=https://sessionserver.mojang.com, servicesHost=https://api.minecraftservices.com, name=PROD]
[11:08:59] [Render thread/INFO] (Minecraft) Setting user: Player378
[11:09:01] [Render thread/INFO] (MM) Definitely not up to no good
[11:09:03] [Render thread/INFO] (Indigo) [Indigo] Registering Indigo renderer!
[11:09:03] [Render thread/INFO] (YumiFoundationMod) Initializing mods (entrypoint yumi:init)...
[11:09:04] [Render thread/INFO] (Minecraft) Backend library: LWJGL version 3.3.3-snapshot
[11:09:08] [Render thread/INFO] (Minecraft) Reloading ResourceManager: vanilla, fabric, auroraslanterns, emi, fabric-api, fabric-api-base, fabric-api-lookup-api-v1, fabric-biome-api-v1, fabric-block-api-v1, fabric-block-view-api-v2, fabric-blockrenderlayer-v1, fabric-client-tags-api-v1, fabric-command-api-v1, fabric-command-api-v2, fabric-commands-v0, fabric-content-registries-v0, fabric-convention-tags-v1, fabric-convention-tags-v2, fabric-crash-report-info-v1, fabric-data-attachment-api-v1, fabric-data-generation-api-v1, fabric-dimensions-v1, fabric-entity-events-v1, fabric-events-interaction-v0, fabric-game-rule-api-v1, fabric-gametest-api-v1, fabric-item-api-v1, fabric-item-group-api-v1, fabric-key-binding-api-v1, fabric-keybindings-v0, fabric-lifecycle-events-v1, fabric-loot-api-v2, fabric-loot-api-v3, fabric-message-api-v1, fabric-model-loading-api-v1, fabric-networking-api-v1, fabric-object-builder-api-v1, fabric-particles-v1, fabric-recipe-api-v1, fabric-registry-sync-v0, fabric-renderer-api-v1, fabric-renderer-indigo, fabric-renderer-registries-v1, fabric-rendering-data-attachment-v1, fabric-rendering-fluids-v1, fabric-rendering-v0, fabric-rendering-v1, fabric-resource-conditions-api-v1, fabric-resource-loader-v0, fabric-screen-api-v1, fabric-screen-handler-api-v1, fabric-sound-api-v1, fabric-transfer-api-v1, fabric-transitive-access-wideners-v1, fabricloader, farmersdelight, mm, porting_lib_accessors, porting_lib_asm, porting_lib_attributes, porting_lib_base, porting_lib_blocks, porting_lib_common, porting_lib_conditions, porting_lib_config, porting_lib_core, porting_lib_entity, porting_lib_extensions, porting_lib_fluids, porting_lib_gametest, porting_lib_gui_utils, porting_lib_item_abilities, porting_lib_lazy_registration, porting_lib_level_events, porting_lib_loot, porting_lib_mixin_extensions, porting_lib_recipe_book_categories, porting_lib_tags, porting_lib_transfer, vegan_mod
[11:09:09] [Worker-Main-1/INFO] (Minecraft) Found unifont_all_no_pua-15.1.05.hex, loading
[11:09:10] [Worker-Main-1/INFO] (Minecraft) Found unifont_jp_patch-15.1.05.hex, loading
[11:09:15] [Render thread/WARN] (Minecraft) Missing sound for event: minecraft:item.goat_horn.play
[11:09:15] [Render thread/WARN] (Minecraft) Missing sound for event: minecraft:entity.goat.screaming.horn_break
[11:09:16] [Render thread/INFO] (Minecraft) OpenAL initialized on device Built-in Audio Analog Stereo
[11:09:16] [Render thread/INFO] (Minecraft) Sound engine started
[11:09:16] [Render thread/INFO] (Minecraft) Created: 1024x1024x4 minecraft:textures/atlas/blocks.png-atlas
[11:09:16] [Render thread/INFO] (Minecraft) Created: 512x256x4 minecraft:textures/atlas/signs.png-atlas
[11:09:16] [Render thread/INFO] (Minecraft) Created: 512x512x4 minecraft:textures/atlas/banner_patterns.png-atlas
[11:09:16] [Render thread/INFO] (Minecraft) Created: 512x512x4 minecraft:textures/atlas/shield_patterns.png-atlas
[11:09:16] [Render thread/INFO] (Minecraft) Created: 1024x1024x4 minecraft:textures/atlas/armor_trims.png-atlas
[11:09:16] [Render thread/INFO] (Minecraft) Created: 256x256x4 minecraft:textures/atlas/chest.png-atlas
[11:09:16] [Render thread/INFO] (Minecraft) Created: 128x64x4 minecraft:textures/atlas/decorated_pot.png-atlas
[11:09:16] [Render thread/INFO] (Minecraft) Created: 512x256x4 minecraft:textures/atlas/beds.png-atlas
[11:09:16] [Render thread/INFO] (Minecraft) Created: 512x256x4 minecraft:textures/atlas/shulker_boxes.png-atlas
[11:09:17] [Render thread/INFO] (Minecraft) Created: 512x256x0 minecraft:textures/atlas/particles.png-atlas
[11:09:17] [Render thread/INFO] (Minecraft) Created: 512x256x0 minecraft:textures/atlas/paintings.png-atlas
[11:09:17] [Render thread/INFO] (Minecraft) Created: 256x128x0 minecraft:textures/atlas/mob_effects.png-atlas
[11:09:17] [Render thread/INFO] (Minecraft) Created: 64x64x0 minecraft:textures/atlas/map_decorations.png-atlas
[11:09:17] [Render thread/INFO] (Minecraft) Created: 1024x512x0 minecraft:textures/atlas/gui.png-atlas
[11:09:17] [Render thread/WARN] (Minecraft) Shader rendertype_entity_translucent_emissive could not find sampler named Sampler2 in the specified shader program.
[11:16:24] [Render thread/INFO] (Minecraft) Loaded 1618 recipes
[11:16:24] [Render thread/INFO] (Minecraft) Loaded 1611 advancements
[11:16:27] [Render thread/INFO] (BiomeModificationImpl) Applied 80 biome modifications to 43 of 64 new biomes in 20.11 ms
[11:16:27] [Server thread/INFO] (Minecraft) Starting integrated minecraft server version 1.21.1
[11:16:27] [Server thread/INFO] (Minecraft) Generating keypair
[11:16:27] [Server thread/INFO] (Minecraft) Preparing start region for dimension minecraft:overworld
[11:16:28] [Render thread/INFO] (Minecraft) Preparing spawn area: 0%
[11:16:28] [Render thread/INFO] (Minecraft) Preparing spawn area: 0%
[11:16:28] [Render thread/INFO] (Minecraft) Time elapsed: 877 ms
[11:16:28] [Server thread/WARN] (TranslationConventionLogWarnings) 
	Dev warning - Untranslated Item Tags detected. Please translate your item tags so other mods such as recipe viewers can properly display your tag's name.
	The format desired is tag.item.<namespace>.<path> for the translation key with slashes in path turned into periods.
	To disable this message, set this system property in your runs: `-Dfabric-tag-conventions-v2.missingTagTranslationWarning=SILENCED`.
	To see individual untranslated item tags found, set the system property to `-Dfabric-tag-conventions-v2.missingTagTranslationWarning=VERBOSE`.
	Default is `SHORT`.

[11:16:28] [Server thread/INFO] (Minecraft) Changing view distance to 12, from 10
[11:16:28] [Server thread/INFO] (Minecraft) Changing simulation distance to 12, from 0
[11:16:30] [Render thread/INFO] (EMI) [EMI] Recipes synchronized, waiting for tags to reload EMI...
[11:16:30] [Server thread/INFO] (Minecraft) Player378[local:E:55044255] logged in with entity id 1 at (6.506588834936325, -60.0, 6.699999988079071)
[11:16:31] [Server thread/INFO] (Minecraft) Player378 joined the game
[11:16:32] [Render thread/INFO] (EMI) [EMI] Joining server, EMI waiting for data from server...
[11:16:32] [Render thread/INFO] (EMI) [EMI] Tags synchronized, reloading EMI
[11:16:32] [Render thread/INFO] (EMI) [EMI] Starting Reload
[11:16:32] [Thread-13/INFO] (EMI) [EMI] Starting EMI reload...
[11:16:32] [Thread-13/INFO] (EMI) [EMI] Clearing data
[11:16:32] [Thread-13/INFO] (EMI) [EMI] Initializing plugin from emi
[11:16:32] [Thread-13/INFO] (EMI) [EMI] Initialized plugin from emi in 8ms
[11:16:32] [Thread-13/INFO] (EMI) [EMI] Initializing plugin from farmersdelight
[11:16:32] [Thread-13/INFO] (EMI) [EMI] Initialized plugin from farmersdelight in 0ms
[11:16:32] [Thread-13/INFO] (EMI) [EMI] Processing tags
[11:16:32] [Render thread/INFO] (Minecraft) Loaded 20 advancements
[11:16:32] [Thread-13/ERROR] (EMI) [EMI] Untranslated tag #c:storage_blocks/beetroot
[11:16:32] [Thread-13/ERROR] (EMI) [EMI] Untranslated tag #c:storage_blocks/cabbage
[11:16:32] [Thread-13/ERROR] (EMI) [EMI] Untranslated tag #c:storage_blocks/carrot
[11:16:32] [Thread-13/ERROR] (EMI) [EMI] Untranslated tag #c:storage_blocks/onion
[11:16:32] [Thread-13/ERROR] (EMI) [EMI] Untranslated tag #c:storage_blocks/potato
[11:16:32] [Thread-13/ERROR] (EMI) [EMI] Untranslated tag #c:storage_blocks/rice
[11:16:32] [Thread-13/ERROR] (EMI) [EMI] Untranslated tag #c:storage_blocks/rice_panicle
[11:16:32] [Thread-13/ERROR] (EMI) [EMI] Untranslated tag #c:storage_blocks/straw
[11:16:32] [Thread-13/ERROR] (EMI) [EMI] Untranslated tag #c:storage_blocks/tomato
[11:16:32] [Thread-13/ERROR] (EMI) [EMI] Untranslated tag #create:upright_on_belt
[11:16:32] [Thread-13/ERROR] (EMI) [EMI] Untranslated tag #createaddition:plant_foods
[11:16:32] [Thread-13/ERROR] (EMI) [EMI] Untranslated tag #createaddition:plants
[11:16:32] [Thread-13/ERROR] (EMI) [EMI] Untranslated tag #farmersdelight:drinks
[11:16:32] [Thread-13/ERROR] (EMI) [EMI] Untranslated tag #farmersdelight:feasts
[11:16:32] [Thread-13/ERROR] (EMI) [EMI] Untranslated tag #farmersdelight:meals
[11:16:32] [Thread-13/ERROR] (EMI) [EMI] Untranslated tag #origins:meat
[11:16:32] [Thread-13/ERROR] (EMI) [EMI] Untranslated tag #sereneseasons:autumn_crops
[11:16:32] [Thread-13/ERROR] (EMI) [EMI] Untranslated tag #sereneseasons:spring_crops
[11:16:32] [Thread-13/ERROR] (EMI) [EMI] Untranslated tag #sereneseasons:summer_crops
[11:16:32] [Thread-13/ERROR] (EMI) [EMI] Untranslated tag #sereneseasons:winter_crops
[11:16:32] [Thread-13/ERROR] (EMI) [EMI] Untranslated tag #tconstruct:seeds
[11:16:32] [Thread-13/INFO] (EMI) [EMI]  Tag warning can be disabled in the config, EMI docs describe how to add a translation or exclude tags.
[11:16:32] [Thread-13/INFO] (EMI) [EMI] Constructing index
[11:16:32] [Thread-13/INFO] (EMI) [EMI] Reloading item groups on client thread...
[11:16:33] [Thread-13/INFO] (EMI) [EMI] Reloading item groups on client thread took 899ms
[11:16:33] [Thread-13/INFO] (EMI) [EMI] Loading plugin from emi
[11:16:34] [Server thread/INFO] (Minecraft) Saving and pausing game...
[11:16:34] [Server thread/INFO] (Minecraft) Saving chunks for level 'ServerLevel[New World]'/minecraft:overworld
[11:16:34] [Server thread/INFO] (Minecraft) Saving chunks for level 'ServerLevel[New World]'/minecraft:the_end
[11:16:34] [Server thread/INFO] (Minecraft) Saving chunks for level 'ServerLevel[New World]'/minecraft:the_nether
[11:16:34] [Thread-13/INFO] (EMI) [EMI] Reloaded plugin from emi in 953ms
[11:16:34] [Thread-13/INFO] (EMI) [EMI] Loading plugin from farmersdelight
[11:16:34] [Thread-13/INFO] (EMI) [EMI] Reloaded plugin from farmersdelight in 196ms
[11:16:34] [Thread-13/INFO] (EMI) [EMI] Baking index
[11:16:34] [Thread-13/INFO] (EMI) [EMI] Registering late recipes
[11:16:34] [Thread-13/INFO] (EMI) [EMI] Baking recipes
[11:16:34] [Thread-13/INFO] (EMI) [EMI] Baked 3801 recipes in 257ms
[11:16:34] [Thread-13/INFO] (EMI) [EMI] Baking search
[11:16:35] [Thread-14/INFO] (EMI) [EMI] Baked recipes after reload in 322ms
[11:16:35] [Thread-13/INFO] (EMI) [EMI] Finishing up
[11:16:35] [Thread-13/INFO] (EMI) [EMI] Reloaded EMI in 3419ms
[11:42:54] [Server thread/WARN] (Minecraft) Can't keep up! Is the server overloaded? Running 2142ms or 42 ticks behind
[11:42:59] [Server thread/INFO] (Minecraft) Saving and pausing game...
[11:42:59] [Server thread/INFO] (Minecraft) Saving chunks for level 'ServerLevel[New World]'/minecraft:overworld
[11:43:06] [Server thread/INFO] (Minecraft) Saving chunks for level 'ServerLevel[New World]'/minecraft:the_end
[11:43:06] [Server thread/INFO] (Minecraft) Saving chunks for level 'ServerLevel[New World]'/minecraft:the_nether
[11:44:08] [Server thread/INFO] (Minecraft) Saving and pausing game...
[11:44:08] [Server thread/INFO] (Minecraft) Saving chunks for level 'ServerLevel[New World]'/minecraft:overworld
[11:44:08] [Server thread/INFO] (Minecraft) Saving chunks for level 'ServerLevel[New World]'/minecraft:the_end
[11:44:08] [Server thread/INFO] (Minecraft) Saving chunks for level 'ServerLevel[New World]'/minecraft:the_nether
[11:44:09] [Render thread/INFO] (EMI) [EMI] Disconnecting from server, EMI data cleared
[11:44:09] [Thread-23/INFO] (EMI) [EMI] Clearing data
[11:44:09] [Server thread/INFO] (Minecraft) Player378 lost connection: Disconnected
[11:44:09] [Server thread/INFO] (Minecraft) Player378 left the game
[11:44:09] [Server thread/INFO] (Minecraft) Stopping singleplayer server as player logged out
[11:44:10] [Server thread/INFO] (Minecraft) Stopping server
[11:44:10] [Server thread/INFO] (Minecraft) Saving players
[11:44:10] [Server thread/INFO] (Minecraft) Saving worlds
[11:44:10] [Server thread/INFO] (Minecraft) Saving chunks for level 'ServerLevel[New World]'/minecraft:overworld
[11:44:11] [Server thread/INFO] (Minecraft) Saving chunks for level 'ServerLevel[New World]'/minecraft:the_end
[11:44:11] [Server thread/INFO] (Minecraft) Saving chunks for level 'ServerLevel[New World]'/minecraft:the_nether
[11:44:11] [Server thread/INFO] (Minecraft) ThreadedAnvilChunkStorage (New World (1)): All chunks are saved
[11:44:11] [Server thread/INFO] (Minecraft) ThreadedAnvilChunkStorage (DIM1): All chunks are saved
[11:44:11] [Server thread/INFO] (Minecraft) ThreadedAnvilChunkStorage (DIM-1): All chunks are saved
[11:44:11] [Server thread/INFO] (Minecraft) ThreadedAnvilChunkStorage: All dimensions are saved
[11:44:12] [Render thread/INFO] (Minecraft) Stopping!
